[index-2.html]
[backblue.gif]
[fade.gif]
[index.html]
[css/bootstrap.min.css]
[css/grayscale.css]
[font-awesome/css/font-awesome.min.css]
[img/logo.png]
[js/ethers.js]
[js/bootstrap.min.js]
[js/jquery.js]
[img/p3p3y00ts.gif]
[js/jquery.easing.min.js]
[js/grayscale.js]
[js/P3p3Y00ts.js]
[index-2.html]
[fonts/glyphicons-halflings-regular.eot]
[fonts/glyphicons-halflings-regulard41d.eot]
[fonts/glyphicons-halflings-regular.woff2]
[fonts/glyphicons-halflings-regular.woff]
[fonts/glyphicons-halflings-regular.ttf]
[fonts/glyphicons-halflings-regular.svg]
[css/bootstrap.min.css]
[img/intro-bg.jpg]
[img/downloads-bg.jpg]
[css/grayscale.css]
[font-awesome/fonts/fontawesome-webfont78ce.eot]
[font-awesome/fonts/fontawesome-webfontd41d.eot]
[font-awesome/fonts/fontawesome-webfont78ce.woff]
[font-awesome/fonts/fontawesome-webfont78ce.ttf]
[font-awesome/css/font-awesome.min.css]
[fonts/glyphicons-halflings-regular.svg]
[img/downloads-bg.html]
[font-awesome/fonts/fontawesome-webfont78ce.svg]
[font-awesome/fonts/fontawesome-webfont78ce.svg]
